// Vitest Snapshot v1, https://vitest.dev/guide/snapshot.html

exports[`Snapshot test 1`] = `
{
  "Outputs": {
    "AppFunctionWriteApiFunctionUrl1AE33250": {
      "Value": {
        "Fn::GetAtt": [
          "AppFunctionWriteApiFunctionFunctionUrl043725AB",
          "FunctionUrl",
        ],
      },
    },
  },
  "Parameters": {
    "BootstrapVersion": {
      "Default": "/cdk-bootstrap/hnb659fds/version",
      "Description": "Version of the CDK Bootstrap resources in this environment, automatically retrieved from SSM Parameter Store. [cdk:skip]",
      "Type": "AWS::SSM::Parameter::Value<String>",
    },
  },
  "Resources": {
    "AppFunctionWriteApiFunction3C482938": {
      "DependsOn": [
        "AppFunctionWriteApiFunctionServiceRole89C3ED13",
      ],
      "Properties": {
        "Architectures": [
          "x86_64",
        ],
        "Code": {
          "S3Bucket": {
            "Fn::Sub": "cdk-hnb659fds-assets-\${AWS::AccountId}-ap-northeast-1",
          },
          "S3Key": "HASH_REPLACED.zip",
        },
        "Environment": {
          "Variables": {
            "APP__API__ALLOW_ORIGINS": "http://localhost:3000,http://localhost:5173,http://localhost:8080",
            "APP__AWS__ACCESS_KEY_ID": "x",
            "APP__AWS__ENDPOINT_URL": "x",
            "APP__AWS__REGION_NAME": "ap-northeast-1",
            "APP__AWS__SECRET_ACCESS_KEY": "x",
            "APP__PERSISTENCE__JOURNAL_AID_INDEX_NAME": "journal-aid-index",
            "APP__PERSISTENCE__JOURNAL_TABLE_NAME": "journal",
            "APP__PERSISTENCE__SHARD_COUNT": "64",
            "APP__PERSISTENCE__SNAPSHOT_AID_INDEX_NAME": "snapshot-aid-index",
            "APP__PERSISTENCE__SNAPSHOT_INTERVAL": "10",
            "APP__PERSISTENCE__SNAPSHOT_TABLE_NAME": "snapshot",
          },
        },
        "Handler": "bootstrap",
        "Role": {
          "Fn::GetAtt": [
            "AppFunctionWriteApiFunctionServiceRole89C3ED13",
            "Arn",
          ],
        },
        "Runtime": "provided.al2023",
      },
      "Type": "AWS::Lambda::Function",
    },
    "AppFunctionWriteApiFunctionFunctionUrl043725AB": {
      "Properties": {
        "AuthType": "AWS_IAM",
        "Cors": {
          "AllowHeaders": [
            "*",
          ],
          "AllowMethods": [
            "POST",
          ],
          "AllowOrigins": [
            "http://localhost:3000",
            "http://localhost:5173",
            "http://localhost:8080",
          ],
          "MaxAge": 300,
        },
        "TargetFunctionArn": {
          "Fn::GetAtt": [
            "AppFunctionWriteApiFunction3C482938",
            "Arn",
          ],
        },
      },
      "Type": "AWS::Lambda::Url",
    },
    "AppFunctionWriteApiFunctionServiceRole89C3ED13": {
      "Properties": {
        "AssumeRolePolicyDocument": {
          "Statement": [
            {
              "Action": "sts:AssumeRole",
              "Effect": "Allow",
              "Principal": {
                "Service": "lambda.amazonaws.com",
              },
            },
          ],
          "Version": "2012-10-17",
        },
        "ManagedPolicyArns": [
          {
            "Fn::Join": [
              "",
              [
                "arn:",
                {
                  "Ref": "AWS::Partition",
                },
                ":iam::aws:policy/service-role/AWSLambdaBasicExecutionRole",
              ],
            ],
          },
        ],
      },
      "Type": "AWS::IAM::Role",
    },
  },
  "Rules": {
    "CheckBootstrapVersion": {
      "Assertions": [
        {
          "Assert": {
            "Fn::Not": [
              {
                "Fn::Contains": [
                  [
                    "1",
                    "2",
                    "3",
                    "4",
                    "5",
                  ],
                  {
                    "Ref": "BootstrapVersion",
                  },
                ],
              },
            ],
          },
          "AssertDescription": "CDK bootstrap stack version 6 required. Please run 'cdk bootstrap' with a recent version of the CDK CLI.",
        },
      ],
    },
  },
}
`;
