// Vitest Snapshot v1, https://vitest.dev/guide/snapshot.html

exports[`Snapshot test 1`] = `
{
  "Outputs": {
    "CdnApiEndpoint143E168B": {
      "Description": "API Endpoint URL",
      "Value": {
        "Fn::Join": [
          "",
          [
            "https://",
            {
              "Fn::GetAtt": [
                "CdnApiDistribution0EF35839",
                "DomainName",
              ],
            },
          ],
        ],
      },
    },
  },
  "Parameters": {
    "BootstrapVersion": {
      "Default": "/cdk-bootstrap/hnb659fds/version",
      "Description": "Version of the CDK Bootstrap resources in this environment, automatically retrieved from SSM Parameter Store. [cdk:skip]",
      "Type": "AWS::SSM::Parameter::Value<String>",
    },
  },
  "Resources": {
    "AWS679f53fac002430cb0da5b7982bd22872D164C4C": {
      "DependsOn": [
        "AWS679f53fac002430cb0da5b7982bd2287ServiceRoleC1EA0FF2",
      ],
      "Properties": {
        "Code": {
          "S3Bucket": {
            "Fn::Sub": "cdk-hnb659fds-assets-\${AWS::AccountId}-ap-northeast-1",
          },
          "S3Key": "HASH_REPLACED.zip",
        },
        "Handler": "index.handler",
        "Role": {
          "Fn::GetAtt": [
            "AWS679f53fac002430cb0da5b7982bd2287ServiceRoleC1EA0FF2",
            "Arn",
          ],
        },
        "Runtime": "nodejs20.x",
        "Timeout": 120,
      },
      "Type": "AWS::Lambda::Function",
    },
    "AWS679f53fac002430cb0da5b7982bd2287ServiceRoleC1EA0FF2": {
      "Properties": {
        "AssumeRolePolicyDocument": {
          "Statement": [
            {
              "Action": "sts:AssumeRole",
              "Effect": "Allow",
              "Principal": {
                "Service": "lambda.amazonaws.com",
              },
            },
          ],
          "Version": "2012-10-17",
        },
        "ManagedPolicyArns": [
          {
            "Fn::Join": [
              "",
              [
                "arn:",
                {
                  "Ref": "AWS::Partition",
                },
                ":iam::aws:policy/service-role/AWSLambdaBasicExecutionRole",
              ],
            ],
          },
        ],
      },
      "Type": "AWS::IAM::Role",
    },
    "AppFunctionWriteApiFunction3C482938": {
      "DependsOn": [
        "AppFunctionWriteApiFunctionServiceRoleDefaultPolicyA98DF956",
        "AppFunctionWriteApiFunctionServiceRole89C3ED13",
      ],
      "Properties": {
        "Architectures": [
          "x86_64",
        ],
        "Code": {
          "S3Bucket": {
            "Fn::Sub": "cdk-hnb659fds-assets-\${AWS::AccountId}-ap-northeast-1",
          },
          "S3Key": "HASH_REPLACED.zip",
        },
        "Environment": {
          "Variables": {
            "APP__API__ALLOW_ORIGINS": "http://localhost:3000,http://localhost:5173,http://localhost:8080",
            "APP__AWS__REGION_NAME": "ap-northeast-1",
            "APP__PERSISTENCE__JOURNAL_AID_INDEX_NAME": "Dev01-journal-aid-index",
            "APP__PERSISTENCE__JOURNAL_TABLE_NAME": {
              "Ref": "EventStoreJournalTable120ADC96",
            },
            "APP__PERSISTENCE__SHARD_COUNT": "64",
            "APP__PERSISTENCE__SNAPSHOT_AID_INDEX_NAME": "Dev01-snapshot-aid-index",
            "APP__PERSISTENCE__SNAPSHOT_INTERVAL": "10",
            "APP__PERSISTENCE__SNAPSHOT_TABLE_NAME": {
              "Ref": "EventStoreSnapshotTable7442018E",
            },
          },
        },
        "Handler": "bootstrap",
        "Role": {
          "Fn::GetAtt": [
            "AppFunctionWriteApiFunctionServiceRole89C3ED13",
            "Arn",
          ],
        },
        "Runtime": "provided.al2023",
      },
      "Type": "AWS::Lambda::Function",
    },
    "AppFunctionWriteApiFunctionFunctionUrl043725AB": {
      "Properties": {
        "AuthType": "AWS_IAM",
        "Cors": {
          "AllowHeaders": [
            "*",
          ],
          "AllowMethods": [
            "POST",
          ],
          "AllowOrigins": [
            "http://localhost:3000",
            "http://localhost:5173",
            "http://localhost:8080",
          ],
          "MaxAge": 60,
        },
        "TargetFunctionArn": {
          "Fn::GetAtt": [
            "AppFunctionWriteApiFunction3C482938",
            "Arn",
          ],
        },
      },
      "Type": "AWS::Lambda::Url",
    },
    "AppFunctionWriteApiFunctionServiceRole89C3ED13": {
      "Properties": {
        "AssumeRolePolicyDocument": {
          "Statement": [
            {
              "Action": "sts:AssumeRole",
              "Effect": "Allow",
              "Principal": {
                "Service": "lambda.amazonaws.com",
              },
            },
          ],
          "Version": "2012-10-17",
        },
        "ManagedPolicyArns": [
          {
            "Fn::Join": [
              "",
              [
                "arn:",
                {
                  "Ref": "AWS::Partition",
                },
                ":iam::aws:policy/service-role/AWSLambdaBasicExecutionRole",
              ],
            ],
          },
        ],
      },
      "Type": "AWS::IAM::Role",
    },
    "AppFunctionWriteApiFunctionServiceRoleDefaultPolicyA98DF956": {
      "Properties": {
        "PolicyDocument": {
          "Statement": [
            {
              "Action": [
                "dynamodb:BatchGetItem",
                "dynamodb:GetRecords",
                "dynamodb:GetShardIterator",
                "dynamodb:Query",
                "dynamodb:GetItem",
                "dynamodb:Scan",
                "dynamodb:ConditionCheckItem",
                "dynamodb:BatchWriteItem",
                "dynamodb:PutItem",
                "dynamodb:UpdateItem",
                "dynamodb:DeleteItem",
                "dynamodb:DescribeTable",
              ],
              "Effect": "Allow",
              "Resource": [
                {
                  "Fn::GetAtt": [
                    "EventStoreJournalTable120ADC96",
                    "Arn",
                  ],
                },
                {
                  "Fn::Join": [
                    "",
                    [
                      {
                        "Fn::GetAtt": [
                          "EventStoreJournalTable120ADC96",
                          "Arn",
                        ],
                      },
                      "/index/*",
                    ],
                  ],
                },
              ],
            },
            {
              "Action": [
                "dynamodb:BatchGetItem",
                "dynamodb:GetRecords",
                "dynamodb:GetShardIterator",
                "dynamodb:Query",
                "dynamodb:GetItem",
                "dynamodb:Scan",
                "dynamodb:ConditionCheckItem",
                "dynamodb:BatchWriteItem",
                "dynamodb:PutItem",
                "dynamodb:UpdateItem",
                "dynamodb:DeleteItem",
                "dynamodb:DescribeTable",
              ],
              "Effect": "Allow",
              "Resource": [
                {
                  "Fn::GetAtt": [
                    "EventStoreSnapshotTable7442018E",
                    "Arn",
                  ],
                },
                {
                  "Fn::Join": [
                    "",
                    [
                      {
                        "Fn::GetAtt": [
                          "EventStoreSnapshotTable7442018E",
                          "Arn",
                        ],
                      },
                      "/index/*",
                    ],
                  ],
                },
              ],
            },
          ],
          "Version": "2012-10-17",
        },
        "PolicyName": "AppFunctionWriteApiFunctionServiceRoleDefaultPolicyA98DF956",
        "Roles": [
          {
            "Ref": "AppFunctionWriteApiFunctionServiceRole89C3ED13",
          },
        ],
      },
      "Type": "AWS::IAM::Policy",
    },
    "CdnApiDistribution0EF35839": {
      "Properties": {
        "DistributionConfig": {
          "Comment": "event-store-adapter-rs-sample",
          "DefaultCacheBehavior": {
            "AllowedMethods": [
              "GET",
              "HEAD",
              "OPTIONS",
              "PUT",
              "PATCH",
              "POST",
              "DELETE",
            ],
            "CachePolicyId": "4135ea2d-6df8-44a3-9df3-4b5a84be39ad",
            "Compress": true,
            "FunctionAssociations": [
              {
                "EventType": "viewer-request",
                "FunctionARN": {
                  "Fn::GetAtt": [
                    "CdnBasicAuthenticationFunction42EB65BB",
                    "FunctionARN",
                  ],
                },
              },
            ],
            "LambdaFunctionAssociations": [
              {
                "EventType": "origin-request",
                "IncludeBody": true,
                "LambdaFunctionARN": {
                  "Fn::GetAtt": [
                    "CdnHasherFnArnParameterCustomResource6EC40F22",
                    "Parameter.Value",
                  ],
                },
              },
            ],
            "OriginRequestPolicyId": "b689b0a8-53d0-40ab-baf2-68738e2966ac",
            "ResponseHeadersPolicyId": "67f7725c-6f97-4210-82d7-5512b31e9d03",
            "TargetOriginId": "Dev01EventStoreAdapterRsSampleCdnApiDistributionOrigin19A258280",
            "ViewerProtocolPolicy": "redirect-to-https",
          },
          "Enabled": true,
          "HttpVersion": "http2",
          "IPV6Enabled": true,
          "Origins": [
            {
              "CustomOriginConfig": {
                "OriginProtocolPolicy": "https-only",
                "OriginSSLProtocols": [
                  "TLSv1.2",
                ],
              },
              "DomainName": {
                "Fn::Select": [
                  2,
                  {
                    "Fn::Split": [
                      "/",
                      {
                        "Fn::GetAtt": [
                          "AppFunctionWriteApiFunctionFunctionUrl043725AB",
                          "FunctionUrl",
                        ],
                      },
                    ],
                  },
                ],
              },
              "Id": "Dev01EventStoreAdapterRsSampleCdnApiDistributionOrigin19A258280",
              "OriginAccessControlId": {
                "Fn::GetAtt": [
                  "CdnApiDistributionOrigin1FunctionUrlOriginAccessControl3213FEA5",
                  "Id",
                ],
              },
            },
          ],
          "PriceClass": "PriceClass_100",
        },
      },
      "Type": "AWS::CloudFront::Distribution",
    },
    "CdnApiDistributionOrigin1FunctionUrlOriginAccessControl3213FEA5": {
      "Properties": {
        "OriginAccessControlConfig": {
          "Name": "Dev01EventStoreAdapterRsSampnctionUrlOriginAccessControlD54CA57C",
          "OriginAccessControlOriginType": "lambda",
          "SigningBehavior": "always",
          "SigningProtocol": "sigv4",
        },
      },
      "Type": "AWS::CloudFront::OriginAccessControl",
    },
    "CdnApiDistributionOrigin1InvokeFromApiForDev01EventStoreAdapterRsSampleCdnApiDistributionOrigin19A258280079E207D": {
      "Properties": {
        "Action": "lambda:InvokeFunctionUrl",
        "FunctionName": {
          "Fn::GetAtt": [
            "AppFunctionWriteApiFunctionFunctionUrl043725AB",
            "FunctionArn",
          ],
        },
        "Principal": "cloudfront.amazonaws.com",
        "SourceArn": {
          "Fn::Join": [
            "",
            [
              "arn:",
              {
                "Ref": "AWS::Partition",
              },
              ":cloudfront::",
              {
                "Ref": "AWS::AccountId",
              },
              ":distribution/",
              {
                "Ref": "CdnApiDistribution0EF35839",
              },
            ],
          ],
        },
      },
      "Type": "AWS::Lambda::Permission",
    },
    "CdnBasicAuthenticationFunction42EB65BB": {
      "Properties": {
        "AutoPublish": true,
        "FunctionCode": "function handler(event) {
    const request = event.request;
    const headers = request.headers;

    const authString = REPLACED;
    
    if (
        typeof headers.authorization === "undefined" ||
        headers.authorization.value !== authString
    ) {
        return {
            statusCode: 401,
            statusDescription: "Unauthorized",
            headers: { "www-authenticate": { value: "Basic" } }
        };
    }
    return request;
}",
        "FunctionConfig": {
          "Comment": "ap-northeast-1Dev01-EventStoreticationFunctionC69A265E",
          "Runtime": "cloudfront-js-2.0",
        },
        "Name": "ap-northeast-1Dev01-EventStoreticationFunctionC69A265E",
      },
      "Type": "AWS::CloudFront::Function",
    },
    "CdnHasherFnArnParameterCustomResource6EC40F22": {
      "DeletionPolicy": "Delete",
      "DependsOn": [
        "CdnHasherFnArnParameterCustomResourceCustomResourcePolicy1D465181",
      ],
      "Properties": {
        "Create": "{"service":"SSM","action":"getParameter","parameters":{"Name":"/event-store-adapter-rs-sample/edge-hasher-fn-arn"},"physicalResourceId":{"id":"PhysicalResourceId-1754233068638"},"region":"us-east-1"}",
        "InstallLatestAwsSdk": true,
        "ServiceToken": {
          "Fn::GetAtt": [
            "AWS679f53fac002430cb0da5b7982bd22872D164C4C",
            "Arn",
          ],
        },
        "Update": "{"service":"SSM","action":"getParameter","parameters":{"Name":"/event-store-adapter-rs-sample/edge-hasher-fn-arn"},"physicalResourceId":{"id":"PhysicalResourceId-1754233068638"},"region":"us-east-1"}",
      },
      "Type": "Custom::AWS",
      "UpdateReplacePolicy": "Delete",
    },
    "CdnHasherFnArnParameterCustomResourceCustomResourcePolicy1D465181": {
      "Properties": {
        "PolicyDocument": {
          "Statement": [
            {
              "Action": "ssm:GetParameter*",
              "Effect": "Allow",
              "Resource": {
                "Fn::Join": [
                  "",
                  [
                    "arn:",
                    {
                      "Ref": "AWS::Partition",
                    },
                    ":ssm:us-east-1:",
                    {
                      "Ref": "AWS::AccountId",
                    },
                    ":*",
                  ],
                ],
              },
            },
          ],
          "Version": "2012-10-17",
        },
        "PolicyName": "CdnHasherFnArnParameterCustomResourceCustomResourcePolicy1D465181",
        "Roles": [
          {
            "Ref": "AWS679f53fac002430cb0da5b7982bd2287ServiceRoleC1EA0FF2",
          },
        ],
      },
      "Type": "AWS::IAM::Policy",
    },
    "EventStoreJournalTable120ADC96": {
      "DeletionPolicy": "Delete",
      "Properties": {
        "AttributeDefinitions": [
          {
            "AttributeName": "pkey",
            "AttributeType": "S",
          },
          {
            "AttributeName": "skey",
            "AttributeType": "S",
          },
          {
            "AttributeName": "aid",
            "AttributeType": "S",
          },
          {
            "AttributeName": "seq_nr",
            "AttributeType": "N",
          },
        ],
        "BillingMode": "PROVISIONED",
        "GlobalSecondaryIndexes": [
          {
            "IndexName": "Dev01-journal-aid-index",
            "KeySchema": [
              {
                "AttributeName": "aid",
                "KeyType": "HASH",
              },
              {
                "AttributeName": "seq_nr",
                "KeyType": "RANGE",
              },
            ],
            "Projection": {
              "ProjectionType": "ALL",
            },
            "WriteProvisionedThroughputSettings": {
              "WriteCapacityAutoScalingSettings": {
                "MaxCapacity": 10,
                "MinCapacity": 1,
                "TargetTrackingScalingPolicyConfiguration": {
                  "TargetValue": 70,
                },
              },
            },
          },
        ],
        "KeySchema": [
          {
            "AttributeName": "pkey",
            "KeyType": "HASH",
          },
          {
            "AttributeName": "skey",
            "KeyType": "RANGE",
          },
        ],
        "Replicas": [
          {
            "GlobalSecondaryIndexes": [
              {
                "IndexName": "Dev01-journal-aid-index",
                "ReadProvisionedThroughputSettings": {
                  "ReadCapacityAutoScalingSettings": {
                    "MaxCapacity": 10,
                    "MinCapacity": 1,
                    "TargetTrackingScalingPolicyConfiguration": {
                      "TargetValue": 70,
                    },
                  },
                },
              },
            ],
            "ReadProvisionedThroughputSettings": {
              "ReadCapacityAutoScalingSettings": {
                "MaxCapacity": 10,
                "MinCapacity": 1,
                "TargetTrackingScalingPolicyConfiguration": {
                  "TargetValue": 70,
                },
              },
            },
            "Region": "ap-northeast-1",
            "TableClass": "STANDARD_INFREQUENT_ACCESS",
          },
        ],
        "StreamSpecification": {
          "StreamViewType": "NEW_IMAGE",
        },
        "WriteProvisionedThroughputSettings": {
          "WriteCapacityAutoScalingSettings": {
            "MaxCapacity": 10,
            "MinCapacity": 1,
            "TargetTrackingScalingPolicyConfiguration": {
              "TargetValue": 70,
            },
          },
        },
      },
      "Type": "AWS::DynamoDB::GlobalTable",
      "UpdateReplacePolicy": "Delete",
    },
    "EventStoreSnapshotTable7442018E": {
      "DeletionPolicy": "Delete",
      "Properties": {
        "AttributeDefinitions": [
          {
            "AttributeName": "pkey",
            "AttributeType": "S",
          },
          {
            "AttributeName": "skey",
            "AttributeType": "S",
          },
          {
            "AttributeName": "aid",
            "AttributeType": "S",
          },
          {
            "AttributeName": "seq_nr",
            "AttributeType": "N",
          },
        ],
        "BillingMode": "PROVISIONED",
        "GlobalSecondaryIndexes": [
          {
            "IndexName": "Dev01-snapshot-aid-index",
            "KeySchema": [
              {
                "AttributeName": "aid",
                "KeyType": "HASH",
              },
              {
                "AttributeName": "seq_nr",
                "KeyType": "RANGE",
              },
            ],
            "Projection": {
              "ProjectionType": "ALL",
            },
            "WriteProvisionedThroughputSettings": {
              "WriteCapacityAutoScalingSettings": {
                "MaxCapacity": 10,
                "MinCapacity": 1,
                "TargetTrackingScalingPolicyConfiguration": {
                  "TargetValue": 70,
                },
              },
            },
          },
        ],
        "KeySchema": [
          {
            "AttributeName": "pkey",
            "KeyType": "HASH",
          },
          {
            "AttributeName": "skey",
            "KeyType": "RANGE",
          },
        ],
        "Replicas": [
          {
            "GlobalSecondaryIndexes": [
              {
                "IndexName": "Dev01-snapshot-aid-index",
                "ReadProvisionedThroughputSettings": {
                  "ReadCapacityAutoScalingSettings": {
                    "MaxCapacity": 10,
                    "MinCapacity": 1,
                    "TargetTrackingScalingPolicyConfiguration": {
                      "TargetValue": 70,
                    },
                  },
                },
              },
            ],
            "ReadProvisionedThroughputSettings": {
              "ReadCapacityAutoScalingSettings": {
                "MaxCapacity": 10,
                "MinCapacity": 1,
                "TargetTrackingScalingPolicyConfiguration": {
                  "TargetValue": 70,
                },
              },
            },
            "Region": "ap-northeast-1",
            "TableClass": "STANDARD_INFREQUENT_ACCESS",
          },
        ],
        "WriteProvisionedThroughputSettings": {
          "WriteCapacityAutoScalingSettings": {
            "MaxCapacity": 10,
            "MinCapacity": 1,
            "TargetTrackingScalingPolicyConfiguration": {
              "TargetValue": 70,
            },
          },
        },
      },
      "Type": "AWS::DynamoDB::GlobalTable",
      "UpdateReplacePolicy": "Delete",
    },
  },
  "Rules": {
    "CheckBootstrapVersion": {
      "Assertions": [
        {
          "Assert": {
            "Fn::Not": [
              {
                "Fn::Contains": [
                  [
                    "1",
                    "2",
                    "3",
                    "4",
                    "5",
                  ],
                  {
                    "Ref": "BootstrapVersion",
                  },
                ],
              },
            ],
          },
          "AssertDescription": "CDK bootstrap stack version 6 required. Please run 'cdk bootstrap' with a recent version of the CDK CLI.",
        },
      ],
    },
  },
}
`;
